   1: CHAR 't'
   1: CHAR 'e'
   1: CHAR 's'
   1: CHAR 't'
