blah, Ginger! blah blah blah! blah blah blah blah blah blah!
blah blah blah, Ginger? blah blah blah blah blah, blah blah!
