cons
car
cdr
null
isEmpty
append
makeSeq
nth
c
locate
locateAux
